BEST score=178 step=11 evals=1 restart=1 p6-p2-prep ant=(6,3) 2^ dest=(6,2) left_support_dist=2 programs=NENWNNE NEENNWS NENSENN NESWNWE NENNWEW NESSNSE NENSSSW NENSESS NEWEENN NENSSNN
BEST score=137 step=21 evals=6595 restart=3 p6-east-signal ant=(5,2) 1> programs=WEWWEEW ENENEWW NWNWWWS NSSWNNN NENENSW SNSWNWE WWWWNEW SNWENEN NNSSENW EWNEEWS
BEST score=136 step=21 evals=6612 restart=3 p6-east-signal ant=(5,2) 1> programs=WEWNEEW EENWEWW NNNWWWN NSNWWWS NENENSS SSEWNWW WWWWNEW WEWSNWN NNSEWNW NWNNEWS
BEST score=133 step=21 evals=6627 restart=3 p6-east-signal ant=(5,2) 1> programs=WEWNENW EENWEWW NNEWNES SSNWWWS NWNWNSS SSWWNWW WWEWNEN WEWSEWE NNSNWWN NSNNENS
BEST score=132 step=22 evals=33356 restart=14 p6-east-signal ant=(5,2) 2> programs=WWNWESE SNNEEWE EENNNWW NNSWNSS WWESNNW SNWNEEW WSSENES SENWNNE SWEEEEN NNSNNWS
BEST score=131 step=22 evals=33359 restart=14 p6-east-signal ant=(5,2) 2> programs=WWSWESE SNNEEWE EENNNWW NNSWNSS WWESNNW SNWNEEW WSSENES WENWNNE SWEEEEN NNSNNWS
NOFOUND best=131 step=22 p6-east-signal ant=(5,2) 2> evals=36488
PROGRAMS
WWSWESE
SNNEEWE
EENNNWW
NNSWNSS
WWESNNW
SNWNEEW
WSSENES
WENWNNE
SWEEEEN
NNSNNWS
GRID
1,13 5^
2,13 8^
3,13 4>
4,13 4<
5,13 2>
6,13 6<
1,14 1^
2,14 9>
4,14 2v
5,14 5>
6,14 7<
WROTE p6_local_seed701_p6focus_best.ant
