BEST score=20 step=29 evals=1 restart=1 turn-support ant=(16,15) 3^ target=(16,15) S ahead=(16,14) support_dist=3 programs=ENNWNES WSWSNSS EWEESNS WENSEES
BEST score=19 step=29 evals=2033 restart=2 turn-support ant=(16,15) 3^ target=(16,15) S ahead=(16,14) support_dist=3 programs=ENEWNNS WNWSNSS EWSESWS WSSSEES
BEST score=18 step=29 evals=19332 restart=11 turn-support ant=(16,15) 3^ target=(16,15) S ahead=(16,14) support_dist=3 programs=NEWWSNS WNEEWNS EEESSNS WSESNES
NOFOUND best=18 step=29 turn-support ant=(16,15) 3^ target=(16,15) S ahead=(16,14) support_dist=3 evals=30321
PROGRAMS
NEWWSNS
WNEEWNS
EEESSNS
WSESNES
GRID
0,0 0<
1,0 1^
2,0 2>
0,1 1<
1,1 2>
2,1  o
3,1 1^
0,2 0<
1,2 3v
2,2 3>
3,2 2v
4,2 3^
1,3 2>
2,3 1v
3,3 0^
4,3  #
5,3 2>
2,4 1^
3,4  #
4,4 2^
5,4 2^
6,4 2>
3,5 0v
4,5 1v
5,5 1<
6,5 3v
4,6 2^
5,6 3>
6,6 3^
WROTE p9_local_seed405_targetturn_best.ant
