BEST score=173 step=24 evals=1 restart=1 p6-exact-blocker ant=(6,2) 6^ ahead=(6,1) rel=0 turn_penalty=70 lateral_penalty=0 lateral_wait_penalty=0 incoming_penalty=0 programs=SSSEWWS ENNWNWN NEWNWNS SWSEENN WNNSEES SNESNEE NENNNWW EEWSENW SENSWSN EWWSSWS
BEST score=126 step=20 evals=28392 restart=12 p6-exact-blocker ant=(5,4) 1^ ahead=(5,3) rel=0 turn_penalty=0 lateral_penalty=0 lateral_wait_penalty=0 incoming_penalty=0 programs=WSWESWN NNSEWWE SWSNNSN WEWNEWS WWESNEE EWSWWSE NWEEWNN ENWSEWN EWWNSWN NWEEENW
BEST score=125 step=20 evals=28585 restart=12 p6-exact-blocker ant=(5,4) 1^ ahead=(5,3) rel=0 turn_penalty=0 lateral_penalty=0 lateral_wait_penalty=0 incoming_penalty=0 programs=WSEESWN NNWEWWE SSWNNWE WEWSEWS WEWSNEE NSNSNNE NWSENNN ENESEWN NWWNSWN EEEEENW
FOUND step=29 evals=28655
PROGRAMS
WSEESWN
NNWEWWE
SSWNNWE
WEWSEWS
WEWSNEE
NSNSNNE
SWSWSSN
ENESEWN
NWWNSWN
NEESEEW
GRID
1,13 7>
2,13 0<
3,13 8<
4,13 4>
5,13 7^
6,13 4^
1,14  -
2,14 8>
4,14 1>
5,14 1v
6,14 2^
WROTE p6_local_seed721_p6focus_exactp2_best.ant
