BEST score=166 step=23 evals=1 restart=1 p6-p2-prep ant=(6,3) 1^ dest=(6,2) left_support_dist=1 programs=EEENENE NEENWNE WWSESNE EWSWNWN NSEWNNN WWNWWWE SSSWWEE SSNSSWS WEWWNEW ENNSSWE
BEST score=129 step=22 evals=33377 restart=14 p6-exact-blocker ant=(5,3) 1^ ahead=(5,2) rel=0 turn_penalty=0 programs=ESSNEWS NENENSW NSWESES SSSESNW SSWEWSW NNSSSNE WWSNSEN EWESWEN NNWNNNE NEWWSSS
BEST score=127 step=24 evals=33382 restart=14 p6-exact-blocker ant=(5,2) 1^ ahead=(5,1) rel=0 turn_penalty=0 programs=ESSNEWS NENENSW NSWESES SSSESNW SSWEWSW NNSSSNE WWSNSEN EWESWEN NNWNNSE NEWWSSS
BEST score=126 step=24 evals=33407 restart=14 p6-exact-blocker ant=(5,2) 1^ ahead=(5,1) rel=0 turn_penalty=0 programs=ESSNWWN NSNENWW NSWWSES NSSENNW SSSESSE NNSSSNE WWENSEN ESESEEN NNWNNSE NESWSSS
BEST score=124 step=24 evals=33657 restart=14 p6-exact-blocker ant=(5,2) 3^ ahead=(5,1) rel=0 turn_penalty=0 programs=ESWSNWE SSSNNNS EEWWWSE NENENWW WWNWNWS SNSWENW WWNEEEW ESSWWEN NWSNSSE NEEESSW
BEST score=123 step=24 evals=34229 restart=14 p6-exact-blocker ant=(5,2) 3^ ahead=(5,1) rel=0 turn_penalty=0 programs=ESNNSWS SWSNSNS NSENNES NWNENSW NNWWSNN SWNNENS WSSNWEN WNNNWNN NSSNESW ENSNSNW
BEST score=122 step=24 evals=34247 restart=14 p6-exact-blocker ant=(5,2) 3^ ahead=(5,1) rel=0 turn_penalty=0 programs=ESNNEWS SESNENS NSWNNES NSNENSW NNWWSNN SWNNENS WSSWWEN WNNNWNN NSSNESW SNESSNW
NOFOUND best=122 step=24 p6-exact-blocker ant=(5,2) 3^ ahead=(5,1) rel=0 turn_penalty=0 evals=34409
PROGRAMS
ESNNEWS
SESNENS
NSWNNES
NSNENSW
NNWWSNN
SWNNENS
WSSWWEN
WNNNWNN
NSSNESW
SNESSNW
GRID
1,13 5>
2,13 8>
3,13 1>
4,13 6<
5,13 0^
6,13 6^
1,14 5v
2,14 1v
4,14 4v
5,14 3v
6,14 8v
WROTE p6_local_seed711_p6focus_blocker_best.ant
