BEST score=306 step=10 evals=1 restart=1 p6-p2-prep ant=(4,3) 0^ dest=(4,2) left_support_dist=4 programs=NSEWEWN SNNWESW ESSESEE EWNNSNW NENWEWS WSEEWNN WWESEWW SNWEWWE WSWEWEW NWSSWEN
BEST score=305 step=10 evals=4 restart=1 p6-p2-prep ant=(4,3) 9^ dest=(4,2) left_support_dist=4 programs=NSEWESN WNNWESW ESSESEW EWNSSNW NENWEWS WSEEWNN WWESEWW SNWEWWE WSWEWEW NWSSWEN
BEST score=223 step=10 evals=5 restart=1 p6-p2-prep ant=(5,3) 4^ dest=(5,2) left_support_dist=3 programs=NSEWEEN WNNWESW ESSESEW EWNSSEW NENWEWS WSEEWNN WWSSEWW SNWEWWE WSWEWEW NWSSWEN
BEST score=210 step=13 evals=25 restart=1 p6-p2-prep ant=(6,3) 4^ dest=(6,2) left_support_dist=3 programs=SSSWNEN WNNSESW ESSESEW ESWSSEW NESEEWN WSEEWWN WWSSEWE SNNSWWE WNWEWEW NWWNSEN
BEST score=182 step=11 evals=35 restart=1 p6-p2-prep ant=(6,3) 4^ dest=(6,2) left_support_dist=2 programs=SSSWNNN WNNSESW ESSESEW ESWSSEW NESEEWN SSEEWNN WWSSEWW SNNSWWE WNWEWEW NWWNNSN
BEST score=167 step=30 evals=1604 restart=1 p6-east-signal ant=(4,2) 3> programs=NSEWENW NWNENWN NSNSEEN EEWESWS NSSWNWW WWSSESN WNNNNEN EEEWNWW ESSSSSW NESEWWS
BEST score=137 step=22 evals=11676 restart=4 p6-east-signal ant=(5,2) 4> programs=WWWSEEW EESSSSE SNWSWNE NNWESSW EWEWNWE ENEWNNE WNSNNWW NNENNWE SWESNNE SEWWEES
BEST score=134 step=22 evals=11677 restart=4 p6-east-signal ant=(5,2) 4> programs=WWWSEEW EESSSSE SNWSWNE NNWESSW EWEWNWE ENEWNNE WNSNNWW NNEWNWE SWESNNE SEWWEES
BEST score=133 step=21 evals=18151 restart=7 p6-east-signal ant=(5,2) 3> programs=WWSNSEW SESEWEE ESSWEEW ESSWWWN NESNEES NEWESWS WEESENW NNWSWWN WWEWWES SNENNEW
BEST score=132 step=21 evals=28744 restart=10 p6-east-signal ant=(5,2) 8> programs=NEEENSS SWNWWSE NWENNSS WWSWSEN EEESSWS WWESEWS NNEWNNE SNSWNWE ESESWWW ESNEENE
BEST score=104 step=26 evals=30938 restart=11 p6-east-signal ant=(5,2) 5> programs=NWSSEES WSNWSES WWWSSEE EENEWWW NWNSENW NSWEWSW WNNSNSW WEEWEEW NEWNENW EWWWWWS
BEST score=103 step=26 evals=30951 restart=11 p6-east-signal ant=(5,2) 5> programs=NWNSEES WSNWSNE WWWSSEE ESNEWWW NSNSENW NSWEWSW WNNWNSW WENEEEW NEWNENW EWWWWWS
BEST score=102 step=26 evals=30953 restart=11 p6-east-signal ant=(5,2) 5> programs=NWNSEES WSNWSNE WWWSSEE ESNEWWW NSNSENW NSWEWSW WNNWNSW WENEEEN NEWNENW EWWWWWS
NOFOUND best=102 step=26 p6-east-signal ant=(5,2) 5> evals=36260
PROGRAMS
NWNSEES
WSNWSNE
WWWSSEE
ESNEWWW
NSNSENW
NSWEWSW
WNNWNSW
WENEEEN
NEWNENW
EWWWWWS
GRID
1,13 2^
2,13 9<
3,13 5^
4,13 0v
5,13 3>
6,13 2v
1,14 7^
2,14 4<
4,14 2^
5,14 5<
6,14 8v
WROTE p6_local_seed703_p6focus_best.ant
