BEST score=230 step=0 evals=1 restart=1 p7-apron ant=(4,16) 5v entry_dist=1 programs=WWWWEEE EEEEWWW NNNNWWW SSSSESW NESNWNW NESEWES SNESSWW SWWSSEN WENNWEN
BEST score=202 step=4 evals=6 restart=1 p7-entry ant=(5,16) 5> entry_dist=2 entry_dir_penalty=0 programs=WWWWEEE EEEEWWW NNNNWWW SSSSESW NESNWNW NWSEWES SNESSWW SWWSSWN WESNNEW
BEST score=197 step=13 evals=25 restart=1 p7-entry ant=(9,16) 5^ entry_dist=1 entry_dir_penalty=0 programs=WWWWEEE EEEEWWW NNNNWWW SSSSESW WESNWNN NWSEWWN ENSSSWW SWWSEWN EESSNEW
BEST score=193 step=9 evals=26 restart=1 p7-entry ant=(6,16) 8^ entry_dist=1 entry_dir_penalty=0 programs=WWWWEEE EEEEWWW NNNNWWW SSSSESW WESNWNN NWSEWWN ENSSSWW SWWSEWN NESSNEW
BEST score=190 step=6 evals=229 restart=1 p7-entry ant=(9,16) 5^ entry_dist=1 entry_dir_penalty=0 programs=WWWWEEE EEEEWWW NNNNWWW SSSSESW WSESNWE NESSEWN NSESNSS EENESNW ESSWNSW
BEST score=189 step=5 evals=320 restart=1 p7-entry ant=(7,16) 5^ entry_dist=1 entry_dir_penalty=0 programs=WWWWEEE EEEEWWW NNNNWWW SSSSESW SNESWES NNEWEEN SSENSNN SNWEENW NWNSWWN
BEST score=188 step=4 evals=331 restart=1 p7-entry ant=(8,16) 5^ entry_dist=1 entry_dir_penalty=0 programs=WWWWEEE EEEEWWW NNNNWWW SSSSESW SNESWEW NNWWNEE ESWSSWN SWWNENS NWNSSEN
BEST score=158 step=16 evals=454 restart=1 p7-well ant=(8,14) 8^ p1_penalty=0 north_penalty=0 clear_penalty=0 programs=WWWWEEE EEEEWWW NNNNWWW SSSSESW NNSSWEW WWWEWNW ENNEWWS WNNSWSW NENWESE
BEST score=156 step=14 evals=2515 restart=1 p7-well ant=(7,14) 8^ p1_penalty=0 north_penalty=0 clear_penalty=0 programs=WWWWEEE EEEEWWW NNNNWWW SSSSESW NSENSEE NSNEWSN WNENWSE WWSWNSW NWSSEEE
BEST score=152 step=10 evals=5217 restart=2 p7-well ant=(8,14) 8^ p1_penalty=0 north_penalty=0 clear_penalty=0 programs=WWWWEEE EEEEWWW NNNNWWW SSSSESW NSNNNWN NWNEWSN WWEWSWS SENWWSS NSWSEEE
NOFOUND best=152 step=10 p7-well ant=(8,14) 8^ p1_penalty=0 north_penalty=0 clear_penalty=0 evals=21247
PROGRAMS
WWWWEEE
EEEEWWW
NNNNWWW
SSSSESW
NSNNNWN
NWNEWSN
WWEWSWS
SENWWSS
NSWSEEE
GRID
0,16 5v
1,16 6<
2,16 6^
3,16 8^
4,16 7>
11,16 8^
12,16 4>
13,16 8<
14,16 6<
15,16 6v
0,17  -
1,17 8<
2,17 8v
3,17 6>
4,17 8>
11,17 8<
12,17 8>
13,17 6<
14,17 8<
15,17 5<
0,18 7v
1,18  -
2,18 7>
3,18 7v
4,18 7<
11,18 8v
12,18 8v
13,18 8^
14,18 6>
15,18 4v
0,19 6<
1,19 6^
2,19  -
3,19 7v
4,19 8v
11,19 5>
12,19 8>
13,19 4^
14,19 6<
15,19 7v
WROTE p7_local_seed801_p7focus_best.ant
