BEST score=219 step=11 evals=1 restart=1 p6-p2-prep ant=(6,3) 0^ dest=(6,2) left_support_dist=2 programs=NNEEEEE NWEEEEE NWWEEEE NNWEEEE NNSEEEE NSNEEEE NWEEEEE NWWEEEE NNSEEEE NNSEEEE
BEST score=207 step=10 evals=72 restart=1 p6-p2-prep ant=(6,3) 0^ dest=(6,2) left_support_dist=3 programs=NESEESE EESNEES EWWNEEE NNSSNEN WEWWWNE ENWWSES NWSSESS SNWESNS NSSENSN NESSEWE
BEST score=206 step=10 evals=73 restart=1 p6-p2-prep ant=(6,3) 0^ dest=(6,2) left_support_dist=3 programs=NESEESE WESNSES EWWNEEE NNSSNEN WEWWWNE ENWWSES NWSNESS SNWESNS NSSENSN NESSEWE
BEST score=205 step=10 evals=75 restart=1 p6-p2-prep ant=(6,3) 0^ dest=(6,2) left_support_dist=3 programs=NESEESE WESNSES SWWNEEE NNSSNEN WEWWWNE ENWWSES NWSNESS SNSESNS NSSENSN NESSEWE
BEST score=139 step=22 evals=538 restart=1 p6-east-signal ant=(5,2) 4> programs=NNWNWEN NSESENW NWSSEEE SSWNWWN ENWNEWE SWWSESE ESNNSWW SWNSSNW WWWNSES NEWWEEW
BEST score=138 step=22 evals=543 restart=1 p6-east-signal ant=(5,2) 4> programs=NNWNNWN NSESENW NWSSEEE SSWNWWN ENWNEWE SWWSESE ESNNEWW SWNSSNW WWWNSES NEWWEEW
BEST score=135 step=22 evals=549 restart=1 p6-east-signal ant=(5,2) 4> programs=NNWNNWN NSESENW NWSSEEE SSWSWWN ESWNEWE SWWSESE ESNNEWW SWNSSNW WWWNSES NNWWEEW
BEST score=133 step=21 evals=4251 restart=2 p6-east-signal ant=(5,2) 1> programs=SWWNEES ENESNWN SNNNSWW WWESSES WNWSENN WWNNNNE ESESNWE NWWWSNW NWSSENN NWSWWNN
BEST score=132 step=21 evals=4252 restart=2 p6-east-signal ant=(5,2) 1> programs=SWWNEES ENESNWN SNNNSWW WWESSEW WNWSENN WWNNNNE ESESNWE NWWWSNW NWSSENN NWSWWNN
BEST score=126 step=50 evals=27353 restart=11 p6-east-signal ant=(5,2) 5> programs=NSSNNWS WWSEWWN SNEEENE SSNWESS WWSWEEN NSWSENW NENESNN SSNWNEW EWNESNE NNEEENN
NOFOUND best=126 step=50 p6-east-signal ant=(5,2) 5> evals=37299
PROGRAMS
NSSNNWS
WWSEWWN
SNEEENE
SSNWESS
WWSWEEN
NSWSENW
NENESNN
SSNWNEW
EWNESNE
NNEEENN
GRID
1,13 4<
2,13 3<
3,13  o
4,13 9^
5,13 1>
6,13 6^
1,14 9v
2,14 5^
4,14 0>
5,14 5v
6,14 4<
WROTE p6_local_seed702_p6focus_best.ant
