BEST score=184 step=11 evals=1 restart=1 p6-p2-prep ant=(6,3) 7^ dest=(6,2) left_support_dist=2 programs=SWWNWEN SWSENES WNWNSEW SENNEEN WNWEWWS SSNSWWS SESSWWS NEENEWN NESWSEN NSWWWWS
BEST score=183 step=11 evals=23 restart=1 p6-p2-prep ant=(6,3) 7^ dest=(6,2) left_support_dist=2 programs=NNNNNEN SWSNNEW WNWNSWW SEWNEEN WNWEWES SNNNWEW SWSSWES NEENENN NESWSEN WSWWWWS
BEST score=182 step=11 evals=27 restart=1 p6-p2-prep ant=(6,3) 7^ dest=(6,2) left_support_dist=2 programs=NNNNNEN SWSNNEW WNWNSEN SEWNEEN WNWEWES SNWNWEW SWSSWES NENNENN NESWSEN ESWWWWS
BEST score=181 step=11 evals=823 restart=1 p6-p2-prep ant=(6,3) 2^ dest=(6,2) left_support_dist=2 programs=EESENWE ESNEESN NESWEEE SWNWWNN ESSEENW WWNSWWW SSEWWNN NWESSWS NNNSNEN WEWWWNN
BEST score=180 step=11 evals=2748 restart=1 p6-p2-prep ant=(6,3) 4^ dest=(6,2) left_support_dist=2 programs=NWSSNWS WENSNEN NNNSESN EWWSWEN NEWSENE NESSSEW ESSEWNN WWWWNEW ENNEWWW NEWNWEN
BEST score=170 step=23 evals=23476 restart=8 p6-p2-prep ant=(6,3) 4^ dest=(6,2) left_support_dist=1 programs=SEWWWNE WNSNNEW WENSEEE EWWWWEN NENNEEE SSSNWEN NWESSNN SSNESEE NNNWSEN EEEESWE
BEST score=169 step=23 evals=23496 restart=8 p6-p2-prep ant=(6,3) 4^ dest=(6,2) left_support_dist=1 programs=SWWWEWE WNSNNEW WENSEEE EWWWWEN NEENNES WSSNWEN NWEESNN SENWSSW NNNWSES ESEESWE
NOFOUND best=169 step=23 p6-p2-prep ant=(6,3) 4^ dest=(6,2) left_support_dist=1 evals=36101
PROGRAMS
SWWWEWE
WNSNNEW
WENSEEE
EWWWWEN
NEENNES
WSSNWEN
NWEESNN
SENWSSW
NNNWSES
ESEESWE
GRID
1,13 3>
2,13 3v
3,13 0<
4,13 4>
5,13 9^
6,13 1^
1,14 3>
2,14 9v
4,14 9<
5,14 7v
6,14 4^
WROTE p6_local_seed712_p6focus_blocker_best.ant
