BEST score=168 step=24 evals=1 restart=1 p6-p2-prep ant=(6,3) 1^ dest=(6,2) left_support_dist=1 programs=SWSWNEE NEWNEES WSSNWES ESNENWW EESWSNW WWWSNSN WWSSWWS SEEEESW SWENEEE ENSEENW
BEST score=167 step=24 evals=25034 restart=11 p6-p2-prep ant=(6,3) 1^ dest=(6,2) left_support_dist=1 programs=EESSSEE NENNEES WSNWWEE ESNENWW EESWSNW EWWSNSN WWSSWWS SEWEESE SNENESW EESESNW
BEST score=166 step=24 evals=25035 restart=11 p6-p2-prep ant=(6,3) 1^ dest=(6,2) left_support_dist=1 programs=EESSSES NENNEES WSNWWEE ESNENWW EESWSNW EWWSNSN WWSSWWS SEWEESE SNENESW EESESNW
NOFOUND best=166 step=24 p6-p2-prep ant=(6,3) 1^ dest=(6,2) left_support_dist=1 evals=34602
PROGRAMS
EESSSES
NENNEES
WSNWWEE
ESNENWW
EESWSNW
EWWSNSN
WWSSWWS
SEWEESE
SNENESW
EESESNW
GRID
1,13 9^
2,13 9>
3,13 4v
4,13 0v
5,13 3>
6,13 2<
1,14 3^
2,14 3v
4,14 9^
5,14 3>
6,14 1<
WROTE p6_local_seed710_p6focus_blocker_best.ant
