BEST score=176 step=24 evals=1 restart=1 p6-exact-blocker ant=(6,2) 8^ ahead=(6,1) rel=0 turn_penalty=70 lateral_penalty=0 lateral_wait_penalty=0 incoming_penalty=0 programs=ESWSEWW EESSSES EWSWSNS SNWWSEE NWWENWW SENNWWN WSNNNEE NWNNWNN NWSNEEE SSWNNSW
BEST score=175 step=24 evals=5006 restart=3 p6-exact-blocker ant=(6,2) 8^ ahead=(6,1) rel=0 turn_penalty=70 lateral_penalty=0 lateral_wait_penalty=0 incoming_penalty=0 programs=ESWSEWW EESSSES NWSWSNS SNWWSEE NWWENWW SENNWWN WSNNNEE NWNNWNN NWSNEEE SSENNSW
BEST score=171 step=23 evals=7509 restart=4 p6-p2-prep ant=(6,3) 8^ dest=(6,2) left_support_dist=1 programs=EEWSEWW EESSSES EWSWSNS SNWWSEE NSWENSW SENNEWN WSNNNEE NWNSWNN NESNEEE SSWNNSW
BEST score=170 step=23 evals=7512 restart=4 p6-p2-prep ant=(6,3) 8^ dest=(6,2) left_support_dist=1 programs=EEWSEWW EESSSES EWSWSNS SNWWSSE NSWENSW SENNEWN WSNSNEE NWNSWNN NESNEEE SSWNNSE
BEST score=168 step=23 evals=32514 restart=14 p6-p2-prep ant=(6,3) 8^ dest=(6,2) left_support_dist=1 programs=ESWSEWS EESSWES EWSWSSS SSWWSEE NWWENWW SEENSWN WSNWNEE EWNNWNN NESNEEE SSWNNSW
NOFOUND best=168 step=23 p6-p2-prep ant=(6,3) 8^ dest=(6,2) left_support_dist=1 evals=37812
PROGRAMS
ESWSEWS
EESSWES
EWSWSSS
SSWWSEE
NWWENWW
SEENSWN
WSNWNEE
EWNNWNN
NESNEEE
SSWNNSW
GRID
1,13 6>
2,13 0v
3,13 8>
4,13 3^
5,13 0^
6,13 6^
1,14 2>
2,14 9<
4,14 2<
5,14 4<
6,14 8v
WROTE p6_local_seed719_p6focus_p1n8_best.ant
