BEST score=23 step=29 evals=1 restart=1 turn-support ant=(16,15) 3^ target=(16,15) S ahead=(16,14) support_dist=3 programs=ENNWNES WSWSNSS EWEESNS WENSEES
BEST score=21 step=29 evals=15831 restart=9 turn-support ant=(16,15) 3^ target=(16,15) S ahead=(16,14) support_dist=3 programs=SWESNNE WNEWENS EENNSES WSESNES
FOUND step=30 evals=16919
PROGRAMS
WSNSENN
WEWSNSS
EWNSSSS
WESSSES
GRID
0,0 0^
1,0 1v
2,0  o
0,1 0v
1,1 0v
2,1  #
3,1 2v
0,2 2^
1,2 0<
2,2 1v
3,2 1v
4,2 3<
1,3 0^
2,3 0<
3,3 2<
4,3  #
5,3 2>
2,4 3>
3,4 0^
4,4 2v
5,4 2^
6,4 2>
3,5 0>
4,5 0<
5,5 1<
6,5 3v
4,6 1>
5,6 2^
6,6 3^
WROTE p9_local_seed404_targetturn_best.ant
