BEST score=69 step=1 evals=1 restart=1 ant=(6,13) 3> target=(9,3) E dist=13 manhattan=13 programs=NEWEEEN NESSWSN NESNSNE NEWESNN NEEEWWW NEWWEES NENEESS NEWWWSN NEEESES NEWEWNW
BEST score=67 step=0 evals=7 restart=1 ant=(6,13) 3> target=(9,3) E dist=13 manhattan=13 programs=NEWWEES NESSWWN NENNSSN NEWESNS NENEWSW NEWWEES NENEESS NEWSWSN NEEESES NEWEWNW
NOFOUND best=67 step=0 ant=(6,13) 3> target=(9,3) E dist=13 manhattan=13 evals=58129
PROGRAMS
NEWWEES
NESSWWN
NENNSSN
NEWESNS
NENEWSW
NEWWEES
NENEESS
NEWSWSN
NEEESES
NEWEWNW
GRID
1,13 2<
2,13 5v
3,13 3>
4,13 0v
5,13 3>
6,13 3>
1,14 1>
2,14 3v
4,14 5^
5,14 5v
6,14 4^
WROTE p6_local_seed509_entryfix_best.ant
