BEST score=353 step=20 evals=1 restart=1 near-turn-support ant=(6,3) 1^ target=(9,3) E dist=3 ahead=(6,2) support_dist=2 programs=EWWNESW WSWENEN EWESWWS NESSNES NWENEWE EESNEWE SSNWWNN SEEESES WSWNSEW ESNWWWS
BEST score=350 step=13 evals=43 restart=1 near-turn-support ant=(6,3) 1^ target=(9,3) E dist=3 ahead=(6,2) support_dist=2 programs=NWWNEWW NNNEWEN ENESWWN NWSSSES WEESEEE EEWNSSE SSNWNNS SEENWEW WSSNSEW WENWWWS
BEST score=349 step=13 evals=44 restart=1 near-turn-support ant=(6,3) 1^ target=(9,3) E dist=3 ahead=(6,2) support_dist=2 programs=NWWNEWW NNNEWEN ENESWWN NWSSSES WWESEEE EEWNSSE SSNWNNS SEENWEW WSSNSEW WENWWWS
BEST score=340 step=13 evals=53 restart=1 near-turn-support ant=(6,3) 1^ target=(9,3) E dist=3 ahead=(6,2) support_dist=1 programs=NWNNEWW NNNEWSN ENWSWSN NWSSNES WWESEEE EEWNNSE SSNWNWS SNENWEW WSSNSEW WENWWWS
BEST score=336 step=12 evals=1645 restart=1 near-turn-support ant=(6,3) 3^ target=(9,3) E dist=3 ahead=(6,2) support_dist=1 programs=WSNSNNN ESESSEW NENSSEE NNWESES NNWNSSW SENENNS ENENNWS EENWSEW NWESSSN WSNWSEE
BEST score=335 step=12 evals=1647 restart=1 near-turn-support ant=(6,3) 3^ target=(9,3) E dist=3 ahead=(6,2) support_dist=1 programs=NSNSNNN ESESSEW NENSSEE NNWESES NNWNSSW SENENNS ENEWNWS EENWSEW NWESSSN WSNWSEE
BEST score=334 step=11 evals=27845 restart=10 near-turn-support ant=(6,3) 0^ target=(9,3) E dist=3 ahead=(6,2) support_dist=1 programs=NWSESNE SWENSEE NEWESWN WWNSESW NWSNEEE SSENNWW WNWSSNE WWWSSSW WNEEESN NESWSNN
BEST score=333 step=11 evals=41462 restart=14 near-turn-support ant=(6,3) 2^ target=(9,3) E dist=3 ahead=(6,2) support_dist=1 programs=EWNWWSE EWWNNES NNSEESS SWSWEEE ENEENES WNSWEWN EEWWNSS WSSSSWE EWWWNEW NWSENWW
NOFOUND best=333 step=11 near-turn-support ant=(6,3) 2^ target=(9,3) E dist=3 ahead=(6,2) support_dist=1 evals=42384
PROGRAMS
EWNWWSE
EWWNNES
NNSEESS
SWSWEEE
ENEENES
WNSWEWN
EEWWNSS
WSSSSWE
EWWWNEW
NWSENWW
GRID
1,13 2^
2,13 1^
3,13 0>
4,13 0^
5,13 2^
6,13 2v
1,14 1^
2,14 0v
4,14 0<
5,14 2<
6,14 3^
WROTE p6_local_seed503_programaware_best.ant
