BEST score=168 step=24 evals=1 restart=1 p6-p2-prep ant=(6,3) 1^ dest=(6,2) left_support_dist=1 programs=SWSWNEE NEWNEES WSSNWES ESNENWW EESWSNW WWWSNSN WWSSWWS SEEEESW SWENEEE ENSEENW
BEST score=128 step=25 evals=33024 restart=14 p6-exact-blocker ant=(5,2) 0^ ahead=(5,1) rel=0 turn_penalty=0 programs=NWWENNW NESNEWS WSWWEEN EWNNEWW WWWNSWS SNSNNWE EENEESW NENNEWN SNSEEWE NSSEWWE
BEST score=125 step=25 evals=33032 restart=14 p6-exact-blocker ant=(5,2) 0^ ahead=(5,1) rel=0 turn_penalty=0 programs=NWWENNW NESNEWN WSWWEEN EWNNEWN WWWNSWS ENSNEWS EENEESW NENNEWN SNSNEWE NSSWWWE
BEST score=124 step=25 evals=33222 restart=14 p6-exact-blocker ant=(5,2) 0^ ahead=(5,1) rel=0 turn_penalty=0 programs=NNEENWW SWNNNEE WNWSNEN EWSSNWN SWESSEN SWSNWSN WEEWSNE NWWWEWS EWWWESE WNNESWE
NOFOUND best=124 step=25 p6-exact-blocker ant=(5,2) 0^ ahead=(5,1) rel=0 turn_penalty=0 evals=34576
PROGRAMS
NNEENWW
SWNNNEE
WNWSNEN
EWSSNWN
SWESSEN
SWSNWSN
WEEWSNE
NWWWEWS
EWWWESE
WNNESWE
GRID
1,13 1>
2,13 7^
3,13 4^
4,13 1^
5,13 3>
6,13 2<
1,14 6^
2,14 8<
4,14 5v
5,14 0^
6,14 7v
WROTE p6_local_seed714_p6focus_wait_best.ant
