BEST score=174 step=24 evals=1 restart=1 p6-exact-blocker ant=(6,2) 8^ ahead=(6,1) rel=0 turn_penalty=70 lateral_penalty=0 lateral_wait_penalty=0 programs=ESNNEWS SESNENS NSWNNES NSNENSW NNWWSNN SWNNENS WSSWWEN WNNNWNN NSSNESW SNESSNW
BEST score=170 step=23 evals=5 restart=1 p6-p2-prep ant=(6,3) 8^ dest=(6,2) left_support_dist=1 programs=ESNNEWS SESNENS NSWNNES NSNENSW NNNWSNN SWNNENS WSSWWEN WNSNWNN NESNESW SNESSNW
BEST score=122 step=22 evals=17637 restart=8 p6-exact-blocker ant=(5,3) 4^ ahead=(5,2) rel=0 turn_penalty=0 lateral_penalty=0 lateral_wait_penalty=0 programs=ESESEWW EESSWES EWWWNNS SNWWSEW NSWENWW SENNWSN WSNNNEE WSNNWNN WWSNEEE SSWSNSW
BEST score=121 step=22 evals=17641 restart=8 p6-exact-blocker ant=(5,3) 4^ ahead=(5,2) rel=0 turn_penalty=0 lateral_penalty=0 lateral_wait_penalty=0 programs=ESWSEWW EESSWES EWWWNNS SNWWSEW NSWENWW SENNWSN WSNNNEE WSNNWNN WWSNEEE SSWSNSW
BEST score=120 step=22 evals=17660 restart=8 p6-exact-blocker ant=(5,3) 4^ ahead=(5,2) rel=0 turn_penalty=0 lateral_penalty=0 lateral_wait_penalty=0 programs=ESWSEWW EESSSES EWSWSNS SNWWSEE NWWENWW SENNWWN WSNNNEE NWNNWNN WWSNEEE SSWNNSW
NOFOUND best=120 step=22 p6-exact-blocker ant=(5,3) 4^ ahead=(5,2) rel=0 turn_penalty=0 lateral_penalty=0 lateral_wait_penalty=0 evals=36701
PROGRAMS
ESWSEWW
EESSSES
EWSWSNS
SNWWSEE
NWWENWW
SENNWWN
WSNNNEE
NWNNWNN
WWSNEEE
SSWNNSW
GRID
1,13 6>
2,13 5v
3,13 9v
4,13 9>
5,13 0^
6,13 6^
1,14 4v
2,14 9<
4,14 2<
5,14 4<
6,14 8v
WROTE p6_local_seed715_p6focus_lateral_best.ant
