BEST score=422 step=22 evals=1 restart=1 ant=(5,22) 3< target=(5,26) W dist=4 manhattan=4 programs=NNNNNNN NNNSSSS NEWSEEE NWSEENW NWESESN NEENSWS NEWWENE NESWSNS
BEST score=418 step=18 evals=8 restart=1 ant=(5,22) 3< target=(5,26) W dist=4 manhattan=4 programs=NNNNNNN NNNSSSS NEWSESE NWSEENW NWESESN NSEESWS NEWWENS NNSWNNE
BEST score=417 step=17 evals=12 restart=1 ant=(5,22) 4< target=(5,26) W dist=4 manhattan=4 programs=NNNNNNN NNNSSSS NEWSESE NWSEEWE NNEEENN NSENNWS NEWWSNS NSSWNEE
BEST score=359 step=51 evals=13 restart=1 ant=(1,25) 4v target=(4,25) S dist=3 manhattan=3 programs=NNNNNNN NNNSSSS NEWSESE NWSEEWW NNEEENN NSENSWS NEWWSES NSSWNEE
BEST score=160 step=60 evals=23 restart=1 ant=(5,25) 7v target=(4,25) S dist=1 manhattan=1 programs=NNNNNNN NNNSSSS NEWSESE NWSSNWS NNENENN NSENSWW NENWSES NSEENNE
BEST score=120 step=54 evals=293 restart=1 turn-support ant=(5,26) 3v target=(5,26) W ahead=(5,27) support_dist=5 programs=NNNNNNN NNNSSSS NWWSNSE NNWWEES NEWWWEN NENWWNS NSEENWN NSENWEW
BEST score=119 step=54 evals=302 restart=1 turn-support ant=(5,26) 3v target=(5,26) W ahead=(5,27) support_dist=5 programs=NNNNNNN NNNSSSS NESSNSE NNWWEES NEWWWEN NNNWWNS NSEENWN NSWNWEW
BEST score=78 step=23 evals=393 restart=1 turn-support ant=(5,26) 5v target=(5,26) W ahead=(5,27) support_dist=5 programs=NNNNNNN NNNSSSS NEEEEWS NSSWWWE NWSNNSS NSNSWSN NSWWWSE NNESSSW
BEST score=73 step=28 evals=399 restart=1 turn-support ant=(5,26) 4v target=(5,26) W ahead=(5,27) support_dist=4 programs=NNNNNNN NNNSSSS NEEEEWS NSSSWWE NWSNNSS NSNSWES NSWWWSE NNESSSW
BEST score=35 step=25 evals=564 restart=1 turn-support ant=(5,26) 2v target=(5,26) W ahead=(5,27) support_dist=2 programs=NNNNNNN NNNSSSS NNSEEWE NSWNESN NWSNNSS NESENNE NSSEWES NWNWWSN
BEST score=24 step=29 evals=779 restart=1 turn-support ant=(5,26) 2v target=(5,26) W ahead=(5,27) support_dist=1 programs=NNNNNNN NNNSSSS NNWNEWE NSWENNN NSNSEEN NEEWWWS NSWENEN NNSWENS
BEST score=21 step=26 evals=886 restart=1 turn-support ant=(5,26) 4v target=(5,26) W ahead=(5,27) support_dist=1 programs=NNNNNNN NNNSSSS NSNWEEN NWEWEWN NEWEEEN NSNEWNS NNESENN NNSWESW
NOFOUND best=21 step=26 turn-support ant=(5,26) 4v target=(5,26) W ahead=(5,27) support_dist=1 evals=1119
PROGRAMS
NNNNNNN
NNNSSSS
NSNWEEN
NWEWEWN
NEWEEEN
NSNEWNS
NNESENN
NNSWESW
GRID
22,3 3>
23,3 7>
24,3 6v
21,4 5>
22,4 4v
23,4 2<
24,4 5>
25,4 7v
20,5  #
21,5 5^
22,5 2>
23,5 5v
24,5  -
25,5 2v
26,5 6^
21,6  -
22,6 2>
23,6 5>
24,6 6^
25,6 7v
22,7 5^
23,7 3>
24,7  #
14,13 5>
15,13 7<
16,13 3<
13,14 3>
14,14 4>
15,14 5>
16,14 2v
17,14 7<
12,15 5v
13,15 4<
14,15 5^
15,15 6>
16,15  -
17,15 2>
18,15 3v
13,16  -
14,16 5v
15,16 4>
16,16 2<
17,16 7<
14,17 2^
15,17 4^
16,17 6v
WROTE p13_local_seed305_support_best.ant
