BEST score=335 step=12 evals=1 restart=1 near-turn-support ant=(6,3) 2^ target=(9,3) E dist=3 ahead=(6,2) support_dist=1 programs=NNENNSS NEWENWE NWNEENW NNSWSNW NNESNNW NSNEWWE NWNSNEN NENESSN NSWSSEN NSESSES
BEST score=334 step=11 evals=43433 restart=15 near-turn-support ant=(6,3) 2^ target=(9,3) E dist=3 ahead=(6,2) support_dist=1 programs=ESWESES NSNWWEW NEEEENS WENSWES SENEENS SSEEENW NSNESEW EENSESE NWESEWE ESEWWNS
NOFOUND best=334 step=11 near-turn-support ant=(6,3) 2^ target=(9,3) E dist=3 ahead=(6,2) support_dist=1 evals=43671
PROGRAMS
ESWESES
NSNWWEW
NEEEENS
WENSWES
SENEENS
SSEEENW
NSNESEW
EENSESE
NWESEWE
ESEWWNS
GRID
1,13 2^
2,13 2<
3,13 0<
4,13 1>
5,13 2^
6,13 2<
1,14 1>
2,14 0v
4,14 0v
5,14 2>
6,14 2<
WROTE p6_local_seed502_programaware_best.ant
