BEST score=367 step=30 evals=1 restart=1 ant=(4,30) 2< target=(4,27) N dist=3 manhattan=3 programs=NNNNNNN NNNSSSS NEENSWE WWNSNNW EWSNWSN EESEEES NESENSS ESNWESE
BEST score=43 step=25 evals=5 restart=1 ant=(5,26) 1v target=(5,26) W dist=0 manhattan=0 programs=NNNNNNN NNNSSSS NNENEWE WWNWNNW EWSNWSN EESEEEE NESENSS ESNWESE
BEST score=40 step=25 evals=6 restart=1 ant=(5,26) 1v target=(5,26) W dist=0 manhattan=0 programs=NNNNNNN NNNSSSS NNENEWE WWNWNNW EWSNWSN EESEEEE NSSENSS ESNWESE
NOFOUND best=40 step=25 ant=(5,26) 1v target=(5,26) W dist=0 manhattan=0 evals=818
PROGRAMS
NNNNNNN
NNNSSSS
NNENEWE
WWNWNNW
EWSNWSN
EESEEEE
NSSENSS
ESNWESE
GRID
22,3  o
23,3  o
24,3  #
21,4 3^
22,4 1<
23,4  o
24,4 3>
25,4 2v
20,5 2^
21,5 0^
22,5 0^
23,5 0^
24,5 2^
25,5 1>
26,5 0>
21,6 3^
22,6 0v
23,6 3>
24,6 3v
25,6 1v
22,7  -
23,7 2>
24,7 2>
14,13  #
15,13 3v
16,13  o
13,14 2v
14,14 3<
15,14 0v
16,14 1^
17,14 1>
12,15  o
13,15 0>
14,15  #
15,15  #
16,15 3v
17,15 2>
18,15 2v
13,16 0^
14,16 0v
15,16  o
16,16 0^
17,16 1v
14,17  -
15,17 1>
16,17  o
WROTE p13_local_seed303_varp1_best.ant
