BEST score=230 step=0 evals=1 restart=1 p7-apron ant=(4,16) 4< entry_dist=1 programs=WWWWEEE EEEEWWW NNNNWWW SSSSESW NEWWNEE EEENNEE SNNWEWW SWWESWE SNSNNWW
BEST score=207 step=9 evals=2 restart=1 p7-entry ant=(5,16) 4> entry_dist=2 entry_dir_penalty=0 programs=WWWWEEE EEEEWWW NNNNWWW SSSSESW NEWWNWE EEENNEE SNNWEWW SWWESWE SNSNNWW
BEST score=190 step=6 evals=34 restart=1 p7-entry ant=(7,16) 7^ entry_dist=1 entry_dir_penalty=0 programs=WWWWEEE EEEEWWW NNNNWWW SSSSESW SSWNWWW ENNNNWS WWSSESN NWSESWN NNNNNNE
BEST score=188 step=4 evals=470 restart=1 p7-entry ant=(8,16) 8^ entry_dist=1 entry_dir_penalty=0 programs=WWWWEEE EEEEWWW NNNNWWW SSSSESW ENNSNNE EWENEWE SWNSWSN SSSEESW NNESSEE
BEST score=170 step=14 evals=1924 restart=1 p7-well ant=(9,15) 7^ p1_penalty=0 north_penalty=0 clear_penalty=0 programs=WWWWEEE EEEEWWW NNNNWWW SSSSESW WNESEEW NNSWWWS SNESSSW NWWWWSE EWNSWSS
BEST score=162 step=10 evals=2578 restart=1 p7-well ant=(8,15) 8^ p1_penalty=0 north_penalty=0 clear_penalty=0 programs=WWWWEEE EEEEWWW NNNNWWW SSSSESW NNSNNNW EWWNSSW EWSWENN SENNNEE NEWESEN
BEST score=154 step=12 evals=18962 restart=7 p7-well ant=(8,14) 8^ p1_penalty=0 north_penalty=0 clear_penalty=0 programs=WWWWEEE EEEEWWW NNNNWWW SSSSESW NSSSEEW SSNEWNW WWSSNNN EENEENS NWSNWEW
BEST score=152 step=10 evals=22372 restart=8 p7-well ant=(8,14) 6^ p1_penalty=0 north_penalty=0 clear_penalty=0 programs=WWWWEEE EEEEWWW NNNNWWW SSSSESW SSNENSW NSSSEES NEESNEN NWSSNEN ESSNWNN
BEST score=137 step=14 evals=22712 restart=8 p7-well ant=(8,12) 5^ p1_penalty=0 north_penalty=0 clear_penalty=0 programs=WWWWEEE EEEEWWW NNNNWWW SSSSESW WENSSWE NSESEEW NNEENEW NNSNSWE WNNWWNE
BEST score=136 step=14 evals=22715 restart=8 p7-well ant=(8,12) 5^ p1_penalty=0 north_penalty=0 clear_penalty=0 programs=WWWWEEE EEEEWWW NNNNWWW SSSSESW WENSSNE NEESEEW NNEENEW NNSNSWE WNNWWNE
FOUND step=27 evals=22832
PROGRAMS
WWWWEEE
EEEEWWW
NNNNWWW
SSSSESW
EESNSSS
NSNNEES
NEEENEN
NNNNSSE
SEWSWNE
GRID
0,16 5<
1,16 5^
2,16 4<
3,16 6>
4,16 4^
11,16 4^
12,16 5v
13,16 6<
14,16 4<
15,16 4<
0,17 4v
1,17 5v
2,17 7>
3,17 7v
4,17 7>
11,17 6<
12,17  -
13,17 4v
14,17 6>
15,17  o
0,18 7>
1,18 4<
2,18 4>
3,18 6v
4,18 5v
11,18 5<
12,18 5>
13,18 4^
14,18 6<
15,18 5>
0,19 8^
1,19 5>
2,19 8^
3,19 6<
4,19 7<
11,19 4<
12,19  #
13,19 8v
14,19 8>
15,19 4<
WROTE p7_local_seed803_p7focus_best.ant
