BEST score=442 step=11 evals=1 restart=1 ant=(6,3) 2^ target=(9,3) E dist=3 manhattan=3 programs=NNSWNSS NWSWWWE NWNEEEN NSNESEW NNNWSWN NSSWENW NWNWSNE NWEENSS NNSSESN NEWWSNN
BEST score=441 step=10 evals=7 restart=1 ant=(6,3) 0^ target=(9,3) E dist=3 manhattan=3 programs=NNSWSWS NWSWWWE NWSENEN NSNESEW NNNWNWN NSSWENW NWNWSNE NWEENSS NNSSESN NEWWSNW
BEST score=440 step=10 evals=9 restart=1 ant=(6,3) 0^ target=(9,3) E dist=3 manhattan=3 programs=NNSWSWS NWSWWWE NWSENEN NSSESEW NNNWNWN NSSWENW NWNWSNE NWEWNSS NNSSESN NEWWSNW
BEST score=438 step=10 evals=87 restart=1 ant=(6,3) 0^ target=(9,3) E dist=3 manhattan=3 programs=NNESEEW NWWWWWS NNSWSWN NSSSEEN NWSWWNN NEENEES NEWNWWW NWESSWW NWEENES NWWNWEW
BEST score=437 step=10 evals=89 restart=1 ant=(6,3) 0^ target=(9,3) E dist=3 manhattan=3 programs=NSESEEW NWWWWWS NNSWSWN NSSSEEN NWSWWNN NEENEES NEWNWWW NWESSWW NWSENES NWWNWEW
BEST score=436 step=10 evals=316 restart=1 ant=(6,3) 1^ target=(9,3) E dist=3 manhattan=3 programs=NEWNWNE NNNWEWW NSNENWW NWWESSN NESSESW NWNSESN NENWEEN NWESSEN NSNSSNW NWENNNE
BEST score=435 step=10 evals=1119 restart=1 ant=(6,3) 2^ target=(9,3) E dist=3 manhattan=3 programs=NWNWWSW NWWNWEN NWNNESS NSSSWWS NSNWNNS NWNNESW NNWENEE NWWWWWE NNWSNWE NWESENS
BEST score=434 step=10 evals=29523 restart=12 ant=(6,3) 0^ target=(9,3) E dist=3 manhattan=3 programs=NNWEENW NWSENNW NWWSSNS NWSESNS NSWEWNS NWEWEWS NSNSESN NNNNSSW NWNWWSW NEESEWS
NOFOUND best=434 step=10 ant=(6,3) 0^ target=(9,3) E dist=3 manhattan=3 evals=31189
PROGRAMS
NNWEENW
NWSENNW
NWWSSNS
NWSESNS
NSWEWNS
NWEWEWS
NSNSESN
NNNNSSW
NWNWWSW
NEESEWS
GRID
1,13 0v
2,13 0^
3,13 1^
4,13 0v
5,13 2v
6,13 0^
1,14 0^
2,14 0<
4,14 1^
5,14 1<
6,14 1v
WROTE p6_local_seed201_best.ant
