BEST score=1778 step=8 evals=1 restart=1 ant=(9,5) 2> target=(15,16) E dist=17 manhattan=17 programs=WNWSWWS ESWENNS NNWNSNN ESEWEWS
BEST score=1575 step=6 evals=32 restart=1 ant=(6,10) 2v target=(16,15) S dist=15 manhattan=15 programs=WNNNEES NSENSEW NSESSWN EWSWSWW
BEST score=1573 step=6 evals=34 restart=1 ant=(6,10) 2v target=(16,15) S dist=15 manhattan=15 programs=NNNNEES NSENSEW NSESSWN EESWSWW
BEST score=1571 step=9 evals=59 restart=1 ant=(10,6) 0> target=(15,16) E dist=15 manhattan=15 programs=NSNNWNE WSNNSEN ENWWEWS ESSWSWE
BEST score=1565 step=4 evals=72 restart=1 ant=(10,6) 1> target=(15,16) E dist=15 manhattan=15 programs=NSWSWNE NSNSSEN SNWWSWS WENWNNE
BEST score=1564 step=4 evals=73 restart=1 ant=(10,6) 1> target=(15,16) E dist=15 manhattan=15 programs=NSWSWNE NSNSSNN SNWWSWS WENWNNE
BEST score=1562 step=4 evals=74 restart=1 ant=(10,6) 1> target=(15,16) E dist=15 manhattan=15 programs=NSWSWNE NSNSSNN SNEWSWS EEEWNNE
BEST score=1561 step=4 evals=78 restart=1 ant=(10,6) 2> target=(15,16) E dist=15 manhattan=15 programs=ESWSWNE NSNWSNN NNENSWS EEEWNNE
BEST score=1560 step=4 evals=81 restart=1 ant=(10,6) 2> target=(15,16) E dist=15 manhattan=15 programs=ESWSWNS NENWSNN NNENSNS EEEWNNE
BEST score=1360 step=8 evals=100 restart=1 ant=(11,7) 2> target=(15,16) E dist=13 manhattan=13 programs=ENNSNNS NNSSWWS NWSNSNS EWWSWSE
BEST score=1358 step=8 evals=101 restart=1 ant=(11,7) 2> target=(15,16) E dist=13 manhattan=13 programs=ENNSNNE NNSSWWS NWSNSNS EWWSWSE
BEST score=1356 step=8 evals=103 restart=1 ant=(11,7) 2> target=(15,16) E dist=13 manhattan=13 programs=ENNSNNE NNSSWWS NWSNSNS EWWSWSN
BEST score=1155 step=14 evals=2269 restart=1 ant=(12,8) 1> target=(15,16) E dist=11 manhattan=11 programs=NSNWNNE NWWENNN WSENSSN ENSNNES
BEST score=1153 step=13 evals=8000 restart=4 ant=(12,8) 0> target=(15,16) E dist=11 manhattan=11 programs=NWNSSNN NNNEENE EWWEENS EEESESE
BEST score=1152 step=10 evals=9764 restart=4 ant=(8,12) 3v target=(16,15) S dist=11 manhattan=11 programs=WNWESSN ENWSNNW NSSSSEE NEWEWSN
BEST score=1150 step=10 evals=9773 restart=4 ant=(8,12) 3v target=(16,15) S dist=11 manhattan=11 programs=WNSESSN ENWSNNW NSSSWNE NEWEWWN
BEST score=1149 step=10 evals=9777 restart=4 ant=(8,12) 3v target=(16,15) S dist=11 manhattan=11 programs=WNSESSW ENWSNNW NSSSWNE NEWEWWN
BEST score=1145 step=10 evals=9781 restart=4 ant=(8,12) 3v target=(16,15) S dist=11 manhattan=11 programs=WNSESSW ENWSNNW NSSSWNE NEWEWNN
BEST score=1102 step=14 evals=15243 restart=7 ant=(11,10) 1^ target=(15,16) E dist=10 manhattan=10 programs=EWSWSNN WEEWEES EESESSN NWEWSEW
BEST score=1101 step=14 evals=15249 restart=7 ant=(11,10) 1^ target=(15,16) E dist=10 manhattan=10 programs=WESWSNN WEEWEES EESESSN NWEWSEW
BEST score=1096 step=14 evals=15250 restart=7 ant=(11,10) 1^ target=(15,16) E dist=10 manhattan=10 programs=WESWSSN WEEWEES EESESSN NWEWSEW
BEST score=1095 step=14 evals=15302 restart=7 ant=(11,10) 1^ target=(15,16) E dist=10 manhattan=10 programs=EWSESNN WSENNES EWEESSN NWEWENW
BEST score=1094 step=14 evals=15303 restart=7 ant=(11,10) 1^ target=(15,16) E dist=10 manhattan=10 programs=EWSESNN WSENNES EWEESSN NWNWENW
BEST score=1093 step=14 evals=15472 restart=7 ant=(11,10) 1^ target=(15,16) E dist=10 manhattan=10 programs=EENNENN WSSNNES ESWNSSW NWNWEEN
BEST score=1092 step=14 evals=15609 restart=7 ant=(11,10) 1^ target=(15,16) E dist=10 manhattan=10 programs=SEWNWWN WESENES ENSSSNN EWNWSWE
BEST score=901 step=25 evals=15747 restart=7 ant=(12,11) 1^ target=(15,16) E dist=8 manhattan=8 programs=NESNSNN WSSENES ENSSSWW WNSNNWE
BEST score=900 step=25 evals=15757 restart=7 ant=(12,11) 1^ target=(15,16) E dist=8 manhattan=8 programs=NESNSNN WWSENES ENSSSWW WNSNNWE
BEST score=889 step=17 evals=15799 restart=7 ant=(12,11) 1^ target=(15,16) E dist=8 manhattan=8 programs=ENSNSNS WESENES ENNSSEW ENSWSNS
BEST score=888 step=17 evals=15803 restart=7 ant=(12,11) 1^ target=(15,16) E dist=8 manhattan=8 programs=ENSNSNS WESENES ENNSSEW ENNWSNS
BEST score=885 step=17 evals=15810 restart=7 ant=(12,11) 1^ target=(15,16) E dist=8 manhattan=8 programs=ENSNSNS WESENES ENNSSEW ENNWSNW
BEST score=794 step=21 evals=15955 restart=7 ant=(13,11) 1^ target=(15,16) E dist=7 manhattan=7 programs=WEWNNSW WSSWNES ENEESSN SNEENSW
BEST score=793 step=21 evals=15963 restart=7 ant=(13,11) 1^ target=(15,16) E dist=7 manhattan=7 programs=WEWNNSW WSSWNES ENNESSN SNEENSW
BEST score=791 step=21 evals=15966 restart=7 ant=(13,11) 1^ target=(15,16) E dist=7 manhattan=7 programs=WEWNNSW WSSWNES ENNESSN NNEENSW
BEST score=684 step=20 evals=16075 restart=7 ant=(13,12) 1^ target=(15,16) E dist=6 manhattan=6 programs=EWSWWSS WWSWNES EWEESSN SNWESWS
BEST score=683 step=20 evals=16081 restart=7 ant=(13,12) 1^ target=(15,16) E dist=6 manhattan=6 programs=EWWWWSS WWSWNES EWEESSN SNWESWS
BEST score=682 step=20 evals=16094 restart=7 ant=(13,12) 1^ target=(15,16) E dist=6 manhattan=6 programs=SESNWSS WNEWNES EESESSN ENWEWWS
BEST score=479 step=23 evals=16157 restart=7 ant=(14,13) 1^ target=(15,16) E dist=4 manhattan=4 programs=EEWSWSS WWSWNES EWWESEW ENNEWWS
BEST score=478 step=23 evals=16158 restart=7 ant=(14,13) 1^ target=(15,16) E dist=4 manhattan=4 programs=EEWSSSS WWSWNES EWWESEW ENNEWWS
BEST score=477 step=23 evals=16194 restart=7 ant=(14,13) 1^ target=(15,16) E dist=4 manhattan=4 programs=EWWSESS WWSWNES ESWESEW ESEEWWS
BEST score=472 step=23 evals=16227 restart=7 ant=(14,13) 1^ target=(15,16) E dist=4 manhattan=4 programs=EWNSENS WESWNES ESWNSEW ESEEWWS
BEST score=471 step=23 evals=16233 restart=7 ant=(14,13) 1^ target=(15,16) E dist=4 manhattan=4 programs=EWNSENE WESWNES ESWNSEW ESEEWWS
BEST score=470 step=23 evals=16773 restart=7 ant=(14,13) 1^ target=(15,16) E dist=4 manhattan=4 programs=WWNSWNE WNNWNES ESWSSNW EWWEWWS
BEST score=469 step=23 evals=16779 restart=7 ant=(14,13) 1^ target=(15,16) E dist=4 manhattan=4 programs=WWNSWNS WNNWNES ESWSSNW EWWEWWS
BEST score=279 step=38 evals=17100 restart=7 ant=(15,14) 1^ target=(15,16) E dist=2 manhattan=2 programs=WNWNWNS WNNWNES ESNSSNW EWSEWWE
BEST score=278 step=38 evals=17151 restart=7 ant=(15,14) 1^ target=(15,16) E dist=2 manhattan=2 programs=WNWNWNS WNNWNES ESSSSNW EWSEWWE
NOFOUND best=278 step=38 ant=(15,14) 1^ target=(15,16) E dist=2 manhattan=2 evals=21943
PROGRAMS
WNWNWNS
WNNWNES
ESSSSNW
EWSEWWE
GRID
0,0 3v
1,0 0^
2,0 2v
0,1 1>
1,1 3^
2,1 3v
3,1 1v
0,2 2>
1,2 3^
2,2 3v
3,2 3^
4,2 2^
1,3 2v
2,3 2<
3,3  #
4,3 1<
5,3 2>
2,4 3^
3,4 1>
4,4 2^
5,4 0<
6,4 2>
3,5 2v
4,5 0>
5,5 1>
6,5 1v
4,6 2v
5,6 2>
6,6 1^
WROTE p9_local_seed401_best.ant
